<?xml version="1.0" encoding="utf-8"?><testsuites><testsuite name="pytest" errors="0" failures="0" skipped="0" tests="3" time="39.818" timestamp="2022-12-14T21:03:39.750129" hostname="LAPTOP-LDMGBOL9"><testcase classname="test_HomePage.TestHomePage" name="test_formSubmission[getData0]" time="19.706" /><testcase classname="test_HomePage.TestHomePage" name="test_formSubmission[getData1]" time="1.988" /><testcase classname="test_e2e.TestOne" name="test_e2e" time="18.072" /></testsuite></testsuites>